d8Mh3WZxd8Mh3WZxd8Mh3WZxd8Mh3WZxd8Mh3WZxd8Mh3WZxd8Mh3WZxd8Mh3WZxd8Mh3WZxd8Mh3WZxd8Mh3WZxd8Mh3WZxd8Mh3WZxd8Mh3WZxd8Mh3WZxd8Mh3WZxd8Mh3WZxd8Mh3WZxd8Mh3WZxd8Mh3WZxd8Mh3WZxd8Mh3WZxd8Mh3WZxd8Mh3WZxd8Mh3WZxd8Mh3WZxd8Mh3WZxd8Mh3WZxd8Mh3WZxd8Mh3WZxd8Mh3WZxd8Mh3WZxd8Mh3WZxd8Mh3WZxd8Mh3WZxd8Mh3WZxd8Mh3WZxd8Mh3WZxd8Mh3WZxd8Mh3WZxd8Mh3WZxd8Mh3WZxd8Mh3WZxd8Mh3WZxd8Mh3WZxd8Mh3WZxd8Mh3WZxd8Mh3WZxd8Mh3WZxd8Mh3WZxd8Mh3WZxd8Mh3WZxd8Mh3WZxd8Mh3WZxd8Mh3WZxd8Mh3WZxd8Mh3WZxd8Mh3WZxd8Mh3WZxd8Mh3WZxd8Mh3WZxd8Mh3WZxd8Mh3WZxd8Mh3WZxd8Mh3WZxd8Mh3WZxd8Mh3WZxd8Mh3WZxd8Mh3WZxd8Mh3WZxd8Mh3WZxd8Mh3WZxd8Mh3WZxd8Mh3WZxd8Mh3WZxd8Mh3WZxd8Mh3WZxd8Mh3WZxd8Mh3WZxd8Mh3WZxd8Mh3WZxd8Mh3WZxd8Mh3WZxd8Mh3WZxd8Mh3WZxd8Mh3WZxd8Mh3WZxd8Mh3WZxd8Mh3WZxd8Mh3WZxd8Mh3WZxd8Mh3WZxd8Mh3WZxd8Mh3WZxd8Mh3WZxd8Mh3WZxd8Mh3WZxd8Mh3WZxd8Mh3WZxd8Mh3WZxd8Mh3WZxd8Mh3WZxd8Mh3WZxd8Mh3WZxd8Mh3WZxd8Mh3WZxd8Mh3WZxd8Mh3WZxd8Mh3WZx
