oUlhoYNQ3eoUlhoYNQ3eoUlhoYNQ3eoUlhoYNQ3eoUlhoYNQ3eoUlhoYNQ3eoUlhoYNQ3eoUlhoYNQ3eoUlhoYNQ3eoUlhoYNQ3eoUlhoYNQ3eoUlhoYNQ3eoUlhoYNQ3eoUlhoYNQ3eoUlhoYNQ3eoUlhoYNQ3eoUlhoYNQ3eoUlhoYNQ3eoUlhoYNQ3eoUlhoYNQ3eoUlhoYNQ3eoUlhoYNQ3eoUlhoYNQ3eoUlhoYNQ3eoUlhoYNQ3eoUlhoYNQ3eoUlhoYNQ3eoUlhoYNQ3eoUlhoYNQ3eoUlhoYNQ3eoUlhoYNQ3eoUlhoYNQ3eoUlhoYNQ3eoUlhoYNQ3eoUlhoYNQ3eoUlhoYNQ3eoUlhoYNQ3eoUlhoYNQ3eoUlhoYNQ3eoUlhoYNQ3eoUlhoYNQ3eoUlhoYNQ3eoUlhoYNQ3eoUlhoYNQ3eoUlhoYNQ3eoUlhoYNQ3eoUlhoYNQ3eoUlhoYNQ3eoUlhoYNQ3eoUlhoYNQ3eoUlhoYNQ3eoUlhoYNQ3eoUlhoYNQ3eoUlhoYNQ3eoUlhoYNQ3eoUlhoYNQ3eoUlhoYNQ3eoUlhoYNQ3eoUlhoYNQ3eoUlhoYNQ3eoUlhoYNQ3eoUlhoYNQ3eoUlhoYNQ3eoUlhoYNQ3eoUlhoYNQ3eoUlhoYNQ3eoUlhoYNQ3eoUlhoYNQ3eoUlhoYNQ3eoUlhoYNQ3eoUlhoYNQ3eoUlhoYNQ3eoUlhoYNQ3eoUlhoYNQ3eoUlhoYNQ3eoUlhoYNQ3eoUlhoYNQ3eoUlhoYNQ3eoUlhoYNQ3eoUlhoYNQ3e
