LI3Ht3CRn1XzLI3Ht3CRn1XzLI3Ht3CRn1XzLI3Ht3CRn1XzLI3Ht3CRn1XzLI3Ht3CRn1XzLI3Ht3CRn1XzLI3Ht3CRn1XzLI3Ht3CRn1XzLI3Ht3CRn1XzLI3Ht3CRn1XzLI3Ht3CRn1XzLI3Ht3CRn1XzLI3Ht3CRn1XzLI3Ht3CRn1XzLI3Ht3CRn1XzLI3Ht3CRn1XzLI3Ht3CRn1XzLI3Ht3CRn1XzLI3Ht3CRn1XzLI3Ht3CRn1XzLI3Ht3CRn1XzLI3Ht3CRn1XzLI3Ht3CRn1XzLI3Ht3CRn1XzLI3Ht3CRn1XzLI3Ht3CRn1XzLI3Ht3CRn1XzLI3Ht3CRn1XzLI3Ht3CRn1XzLI3Ht3CRn1XzLI3Ht3CRn1XzLI3Ht3CRn1XzLI3Ht3CRn1XzLI3Ht3CRn1XzLI3Ht3CRn1XzLI3Ht3CRn1XzLI3Ht3CRn1XzLI3Ht3CRn1XzLI3Ht3CRn1XzLI3Ht3CRn1XzLI3Ht3CRn1XzLI3Ht3CRn1XzLI3Ht3CRn1XzLI3Ht3CRn1XzLI3Ht3CRn1XzLI3Ht3CRn1XzLI3Ht3CRn1XzLI3Ht3CRn1XzLI3Ht3CRn1XzLI3Ht3CRn1XzLI3Ht3CRn1XzLI3Ht3CRn1XzLI3Ht3CRn1XzLI3Ht3CRn1XzLI3Ht3CRn1XzLI3Ht3CRn1XzLI3Ht3CRn1XzLI3Ht3CRn1XzLI3Ht3CRn1XzLI3Ht3CRn1XzLI3Ht3CRn1XzLI3Ht3CRn1XzLI3Ht3CRn1XzLI3Ht3CRn1XzLI3Ht3CRn1XzLI3Ht3CRn1XzLI3Ht3CRn1XzLI3Ht3CRn1XzLI3Ht3CRn1XzLI3Ht3CRn1XzLI3Ht3CRn1XzLI3Ht3CRn1XzLI3Ht3CRn1XzLI3Ht3CRn1XzLI3Ht3CRn1Xz
