Number: 18
Number: 24
Number: 52
Number: 64
Number: 87
Number: 26
Number: 4
Number: 40
Number: 59
Number: 40
Number: 3
Number: 42
Number: 72
Number: 28
Number: 80
Number: 68
Number: 9
Number: 86
Number: 80
Number: 17
Number: 33
Number: 69
Number: 19
Number: 68
Number: 55
Number: 55
Number: 24
Number: 8
Number: 9
Number: 65
Number: 86
Number: 90
Number: 47
Number: 29
Number: 83
Number: 71
Number: 69
Number: 68
Number: 92
Number: 62
Number: 22
Number: 24
Number: 4
Number: 50
Number: 71
Number: 45
Number: 90
Number: 65
Panic: Number out of range
