Number: 16
Number: 94
Number: 81
Number: 1
Number: 43
Number: 36
Number: 8
Number: 98
Number: 43
Number: 54
Number: 20
Number: 14
Number: 19
Number: 79
Number: 62
Number: 95
Number: 90
Number: 72
Number: 48
Number: 91
Number: 15
Number: 92
Number: 45
Number: 92
Number: 0
Number: 49
Number: 100
Number: 86
Number: 91
Number: 27
Number: 60
Number: 70
Panic: Number out of range
