Number: 36
Number: 52
Number: 86
Number: 56
Number: 81
Number: 54
Number: 1
Number: 19
Number: 98
Number: 5
Number: 96
Number: 0
Number: 28
Number: 39
Number: 94
Number: 83
Number: 66
Number: 33
Number: 49
Number: 80
Number: 31
Number: 31
Number: 2
Number: 8
Number: 19
Number: 26
Number: 89
Number: 45
Panic: Parse error
