Number: 50
Number: 40
Number: 96
Number: 60
Number: 98
Number: 75
Number: 6
Number: 82
Number: 37
Number: 84
Number: 83
Number: 21
Number: 70
Number: 12
Number: 55
Number: 7
Number: 80
Number: 94
Number: 9
Number: 91
Number: 48
Number: 61
Number: 12
Number: 72
Number: 14
Number: 17
Number: 33
Number: 71
Number: 46
Number: 100
Number: 69
Number: 13
Number: 82
Number: 16
Number: 3
Panic: Number out of range
